#
# There is insufficient memory for the Java Runtime Environment to continue.
# Native memory allocation (malloc) failed to allocate 1048576 bytes. Error detail: AllocateHeap
# Possible reasons:
#   The system is out of physical RAM or swap space
#   This process is running with CompressedOops enabled, and the Java Heap may be blocking the growth of the native heap
# Possible solutions:
#   Reduce memory load on the system
#   Increase physical memory or swap space
#   Check if swap backing store is full
#   Decrease Java heap size (-Xmx/-Xms)
#   Decrease number of Java threads
#   Decrease Java thread stack sizes (-Xss)
#   Set larger code cache with -XX:ReservedCodeCacheSize=
#   JVM is running with Unscaled Compressed Oops mode in which the Java heap is
#     placed in the first 4GB address space. The Java Heap base address is the
#     maximum limit for the native heap growth. Please use -XX:HeapBaseMinAddress
#     to set the Java Heap base and to place the Java Heap above 4GB virtual address.
# This output file may be truncated or incomplete.
#
#  Out of Memory Error (allocation.cpp:44), pid=16828, tid=6736
#
# JRE version:  (23.0.2+7) (build )
# Java VM: Java HotSpot(TM) 64-Bit Server VM (23.0.2+7-58, mixed mode, sharing, tiered, compressed oops, compressed class ptrs, g1 gc, windows-amd64)
# No core dump will be written. Minidumps are not enabled by default on client versions of Windows
#

---------------  S U M M A R Y ------------

Command Line: 

Host: 12th Gen Intel(R) Core(TM) i5-12450H, 12 cores, 15G,  Windows 11 , 64 bit Build 26100 (10.0.26100.8521)
Time: Sat Jul 25 03:36:00 2026 India Standard Time elapsed time: 0.011222 seconds (0d 0h 0m 0s)

---------------  T H R E A D  ---------------

Current thread (0x0000020ef7343930):  JavaThread "Unknown thread" [_thread_in_vm, id=6736, stack(0x000000c71ee00000,0x000000c71ef00000) (1024K)]

Stack: [0x000000c71ee00000,0x000000c71ef00000]
Native frames: (J=compiled Java code, j=interpreted, Vv=VM code, C=native code)
V  [jvm.dll+0x6e0b99]  (no source info available)
V  [jvm.dll+0x87e2b3]  (no source info available)
V  [jvm.dll+0x88073e]  (no source info available)
V  [jvm.dll+0x880e13]  (no source info available)
V  [jvm.dll+0x27b006]  (no source info available)
V  [jvm.dll+0xb6a17]  (no source info available)
V  [jvm.dll+0x326bf8]  (no source info available)
V  [jvm.dll+0x844969]  (no source info available)
V  [jvm.dll+0x3b9a08]  (no source info available)
V  [jvm.dll+0x82d68c]  (no source info available)
V  [jvm.dll+0x454f2e]  (no source info available)
V  [jvm.dll+0x456db1]  (no source info available)
C  [jli.dll+0x52a3]  (no source info available)
C  [ucrtbase.dll+0x2cd30]  (no source info available)
C  [KERNEL32.DLL+0x2e957]  (no source info available)
C  [ntdll.dll+0x87c1c]  (no source info available)

Lock stack of current Java thread (top to bottom):


---------------  P R O C E S S  ---------------

Threads class SMR info:
_java_thread_list=0x00007ff8c6c84618, length=0, elements={
}

Java Threads: ( => current thread )
Total: 0

Other Threads:

=>0x0000020ef7343930 (exited) JavaThread "Unknown thread"    [_thread_in_vm, id=6736, stack(0x000000c71ee00000,0x000000c71ef00000) (1024K)]
Total: 1

Threads with active compile tasks:
Total: 0

VM state: not at safepoint (not fully initialized)

VM Mutex/Monitor currently owned by a thread: None

Heap address: 0x0000000000000000, size: 0 MB, Compressed Oops mode: 32-bit

CDS archive(s) mapped at: [0x0000000000000000-0x0000000000000000-0x0000000000000000), size 0, SharedBaseAddress: 0x0000000800000000, ArchiveRelocationMode: 1.
Narrow klass base: 0x0000000000000000, Narrow klass shift: 0, Narrow klass range: 0x0

GC Precious Log:
 CardTable entry size: 512
 Card Set container configuration: InlinePtr #cards 4 size 8 Array Of Cards #cards 16 size 48 Howl #buckets 8 coarsen threshold 3686 Howl Bitmap #cards 512 size 80 coarsen threshold 460 Card regions per heap region 1 cards per card region 4096

GC Heap History (0 events):
No events

Dll operation events (1 events):
Event: 0.008 Loaded shared library C:\Program Files\Java\jdk-23\bin\java.dll

Deoptimization events (0 events):
No events

Classes loaded (0 events):
No events

Classes unloaded (0 events):
No events

Classes redefined (0 events):
No events

Internal exceptions (0 events):
No events

VM Operations (0 events):
No events

Memory protections (0 events):
No events

Nmethod flushes (0 events):
No events

Events (0 events):
No events


Dynamic libraries:
0x00007ff644700000 - 0x00007ff644710000 	C:\Program Files\Java\jdk-23\bin\java.exe
0x00007ff981700000 - 0x00007ff981966000 	C:\WINDOWS\SYSTEM32\ntdll.dll
0x00007ff97ff00000 - 0x00007ff97ffc9000 	C:\WINDOWS\System32\KERNEL32.DLL
0x00007ff97eec0000 - 0x00007ff97f2ba000 	C:\WINDOWS\System32\KERNELBASE.dll
0x00007ff97e990000 - 0x00007ff97eadc000 	C:\WINDOWS\System32\ucrtbase.dll
0x00007ff916790000 - 0x00007ff9167a7000 	C:\Program Files\Java\jdk-23\bin\jli.dll
0x00007ff9165d0000 - 0x00007ff9165eb000 	C:\Program Files\Java\jdk-23\bin\VCRUNTIME140.dll
0x00007ff980ae0000 - 0x00007ff980ca7000 	C:\WINDOWS\System32\USER32.dll
0x00007ff97f440000 - 0x00007ff97f467000 	C:\WINDOWS\System32\win32u.dll
0x00007ff963d10000 - 0x00007ff963fa2000 	C:\WINDOWS\WinSxS\amd64_microsoft.windows.common-controls_6595b64144ccf1df_6.0.26100.8521_none_3e08b75ce33403b3\COMCTL32.dll
0x00007ff980920000 - 0x00007ff98094b000 	C:\WINDOWS\System32\GDI32.dll
0x00007ff980cb0000 - 0x00007ff980d59000 	C:\WINDOWS\System32\msvcrt.dll
0x00007ff97ec30000 - 0x00007ff97ed5b000 	C:\WINDOWS\System32\gdi32full.dll
0x00007ff97ee10000 - 0x00007ff97eeb3000 	C:\WINDOWS\System32\msvcp_win.dll
0x00007ff980800000 - 0x00007ff980832000 	C:\WINDOWS\System32\IMM32.DLL
0x00007ff93d710000 - 0x00007ff93d71c000 	C:\Program Files\Java\jdk-23\bin\vcruntime140_1.dll
0x00007ff8fdb50000 - 0x00007ff8fdbde000 	C:\Program Files\Java\jdk-23\bin\msvcp140.dll
0x00007ff8c6090000 - 0x00007ff8c6de0000 	C:\Program Files\Java\jdk-23\bin\server\jvm.dll
0x00007ff9812a0000 - 0x00007ff981356000 	C:\WINDOWS\System32\ADVAPI32.dll
0x00007ff9811f0000 - 0x00007ff98129a000 	C:\WINDOWS\System32\sechost.dll
0x00007ff980340000 - 0x00007ff980458000 	C:\WINDOWS\System32\RPCRT4.dll
0x00007ff980950000 - 0x00007ff9809d0000 	C:\WINDOWS\System32\WS2_32.dll
0x00007ff97e7f0000 - 0x00007ff97e84e000 	C:\WINDOWS\SYSTEM32\POWRPROF.dll
0x00007ff968c50000 - 0x00007ff968c86000 	C:\WINDOWS\SYSTEM32\WINMM.dll
0x00007ff96fcb0000 - 0x00007ff96fcbb000 	C:\WINDOWS\SYSTEM32\VERSION.dll
0x00007ff97e7d0000 - 0x00007ff97e7e4000 	C:\WINDOWS\SYSTEM32\UMPDC.dll
0x00007ff97d720000 - 0x00007ff97d73b000 	C:\WINDOWS\SYSTEM32\kernel.appcore.dll
0x00007ff93d380000 - 0x00007ff93d38a000 	C:\Program Files\Java\jdk-23\bin\jimage.dll
0x00007ff97be30000 - 0x00007ff97c072000 	C:\WINDOWS\SYSTEM32\DBGHELP.DLL
0x00007ff980470000 - 0x00007ff9807f3000 	C:\WINDOWS\System32\combase.dll
0x00007ff980840000 - 0x00007ff980919000 	C:\WINDOWS\System32\OLEAUT32.dll
0x00007ff95b4a0000 - 0x00007ff95b4db000 	C:\WINDOWS\SYSTEM32\dbgcore.DLL
0x00007ff97ed60000 - 0x00007ff97ee08000 	C:\WINDOWS\System32\bcryptPrimitives.dll
0x00007ff914880000 - 0x00007ff91489e000 	C:\Program Files\Java\jdk-23\bin\java.dll
0x00007ff97ffd0000 - 0x00007ff980168000 	C:\WINDOWS\System32\ole32.dll
0x00007ff97f760000 - 0x00007ff97fee4000 	C:\WINDOWS\System32\SHELL32.dll

dbghelp: loaded successfully - version: 4.0.5 - missing functions: none
symbol engine: initialized successfully - sym options: 0x614 - pdb path: .;C:\Program Files\Java\jdk-23\bin;C:\WINDOWS\SYSTEM32;C:\WINDOWS\WinSxS\amd64_microsoft.windows.common-controls_6595b64144ccf1df_6.0.26100.8521_none_3e08b75ce33403b3;C:\Program Files\Java\jdk-23\bin\server

VM Arguments:
java_command: <unknown>
java_class_path (initial): <not set>
Launcher Type: SUN_STANDARD

[Global flags]
     intx CICompilerCount                          = 4                                         {product} {ergonomic}
     uint ConcGCThreads                            = 3                                         {product} {ergonomic}
     uint G1ConcRefinementThreads                  = 10                                        {product} {ergonomic}
   size_t G1HeapRegionSize                         = 2097152                                   {product} {ergonomic}
   size_t InitialHeapSize                          = 264241152                                 {product} {ergonomic}
   size_t MarkStackSize                            = 4194304                                   {product} {ergonomic}
   size_t MaxHeapSize                              = 4219469824                                {product} {ergonomic}
   size_t MinHeapDeltaBytes                        = 2097152                                   {product} {ergonomic}
   size_t MinHeapSize                              = 8388608                                   {product} {ergonomic}
    uintx NonNMethodCodeHeapSize                   = 5832704                                {pd product} {ergonomic}
    uintx NonProfiledCodeHeapSize                  = 122945536                              {pd product} {ergonomic}
    uintx ProfiledCodeHeapSize                     = 122880000                              {pd product} {ergonomic}
    uintx ReservedCodeCacheSize                    = 251658240                              {pd product} {ergonomic}
     bool SegmentedCodeCache                       = true                                      {product} {ergonomic}
   size_t SoftMaxHeapSize                          = 4219469824                             {manageable} {ergonomic}
     bool UseCompressedOops                        = true                           {product lp64_product} {ergonomic}
     bool UseG1GC                                  = true                                      {product} {ergonomic}
     bool UseLargePagesIndividualAllocation        = false                                  {pd product} {ergonomic}

Logging:
Log output configuration:
 #0: stdout all=warning uptime,level,tags foldmultilines=false
 #1: stderr all=off uptime,level,tags foldmultilines=false

Environment Variables:
PATH=C:\Python314\Scripts\;C:\Python314\;C:\Users\moham\AppData\Local\Programs\Python\Python313\Scripts\;C:\Users\moham\AppData\Local\Programs\Python\Python313\;C:\Program Files\Common Files\Oracle\Java\javapath;C:\Program Files (x86)\Common Files\Oracle\Java\java8path;C:\Program Files (x86)\Common Files\Oracle\Java\javapath;c:\Users\moham\AppData\Local\Programs\cursor\resources\app\bin;C:\Windows\system32;C:\Windows;C:\Windows\System32\Wbem;C:\Windows\System32\WindowsPowerShell\v1.0\;C:\Windows\System32\OpenSSH\;C:\Program Files (x86)\NVIDIA Corporation\PhysX\Common;C:\Program Files\NVIDIA Corporation\NVIDIA NvDLISR;C:\WINDOWS\system32;C:\WINDOWS;C:\WINDOWS\System32\Wbem;C:\WINDOWS\System32\WindowsPowerShell\v1.0\;C:\WINDOWS\System32\OpenSSH\;C:\Users\moham\AppData\Local\Microsoft\WindowsApps;C:\Users\moham\AppData\Roaming\npm;C:\Program Files\Git\cmd;C:\Program Files\Java\jre1.8.0_441\bin;C:\Program Files\Java\jdk-23\bin;C:\WINDOWS\system32;C:\WINDOWS;C:\WINDOWS\System32\Wbem;C:\WINDOWS\System32\WindowsPowerShell\v1.0\;C:\WINDOWS\System32\OpenSSH\;C:\ProgramData\chocolatey\bin;C:\Program Files\dotnet\;C:\Users\moham\AppData\Local\nvm;C:\nvm4w\nodejs;C:\Program Files\MySQL\MySQL Shell 8.0\bin\;C:\Users\moham\AppData\Local\Programs\Python\Launcher\;C:\Users\moham\AppData\Local\Microsoft\WindowsApps;C:\Users\moham\AppData\Local\Programs\Microsoft VS Code\bin;C:\Program Files\sf\bin;C:\Users\moham\AppData\Local\nvm;C:\nvm4w\nodejs;C:\Users\moham\flutter\bin;C:\Users\moham\AppData\Local\Pub\Cache\bin;C:\Users\moham\flutter\bin\mingit\cmd
USERNAME=moham
OS=Windows_NT
PROCESSOR_IDENTIFIER=Intel64 Family 6 Model 154 Stepping 3, GenuineIntel
TMP=C:\Users\moham\AppData\Local\Temp
TEMP=C:\Users\moham\AppData\Local\Temp




Periodic native trim disabled

---------------  S Y S T E M  ---------------

OS:
 Windows 11 , 64 bit Build 26100 (10.0.26100.8521)
OS uptime: 7 days 6:04 hours
Hyper-V role detected

CPU: total 12 (initial active 12) (6 cores per cpu, 2 threads per core) family 6 model 154 stepping 3 microcode 0x42a, cx8, cmov, fxsr, ht, mmx, 3dnowpref, sse, sse2, sse3, ssse3, sse4.1, sse4.2, popcnt, lzcnt, tsc, tscinvbit, avx, avx2, aes, erms, clmul, bmi1, bmi2, adx, sha, fma, vzeroupper, clflush, clflushopt, clwb, hv, serialize, rdtscp, rdpid, fsrm, gfni, f16c, cet_ibt, cet_ss
Processor Information for processor 0
  Max Mhz: 2000, Current Mhz: 2000, Mhz Limit: 2000
Processor Information for processor 1
  Max Mhz: 2000, Current Mhz: 2000, Mhz Limit: 2000
Processor Information for processor 2
  Max Mhz: 2000, Current Mhz: 2000, Mhz Limit: 2000
Processor Information for processor 3
  Max Mhz: 2000, Current Mhz: 2000, Mhz Limit: 2000
Processor Information for processor 4
  Max Mhz: 2000, Current Mhz: 2000, Mhz Limit: 2000
Processor Information for processor 5
  Max Mhz: 2000, Current Mhz: 2000, Mhz Limit: 2000
Processor Information for processor 6
  Max Mhz: 2000, Current Mhz: 1520, Mhz Limit: 2000
Processor Information for processor 7
  Max Mhz: 2000, Current Mhz: 2000, Mhz Limit: 2000
Processor Information for processor 8
  Max Mhz: 2000, Current Mhz: 1500, Mhz Limit: 1500
Processor Information for processor 9
  Max Mhz: 2000, Current Mhz: 1500, Mhz Limit: 1500
Processor Information for processor 10
  Max Mhz: 2000, Current Mhz: 1500, Mhz Limit: 1500
Processor Information for processor 11
  Max Mhz: 2000, Current Mhz: 1500, Mhz Limit: 1500

Memory: 4k page, system-wide physical 16088M (1698M free)
TotalPageFile size 24518M (AvailPageFile size 19M)
current process WorkingSet (physical memory assigned to process): 13M, peak: 13M
current process commit charge ("private bytes"): 17M, peak: 18M

vm_info: Java HotSpot(TM) 64-Bit Server VM (23.0.2+7-58) for windows-amd64 JRE (23.0.2+7-58), built on 2024-11-29T09:34:55Z with MS VC++ 17.6 (VS2022)

END.
