#
# There is insufficient memory for the Java Runtime Environment to continue.
# Native memory allocation (malloc) failed to allocate 32744 bytes. Error detail: Chunk::new
# Possible reasons:
#   The system is out of physical RAM or swap space
#   This process is running with CompressedOops enabled, and the Java Heap may be blocking the growth of the native heap
# Possible solutions:
#   Reduce memory load on the system
#   Increase physical memory or swap space
#   Check if swap backing store is full
#   Decrease Java heap size (-Xmx/-Xms)
# This output file may be truncated or incomplete.
#
#  Out of Memory Error (arena.cpp:168), pid=31452, tid=18704
#
# JRE version: OpenJDK Runtime Environment (21.0.10) (build 21.0.10+-14961533-b1163.108)
# Java VM: OpenJDK 64-Bit Server VM (21.0.10+-14961533-b1163.108, mixed mode, tiered, compressed oops, compressed class ptrs, g1 gc, windows-amd64)
# No core dump will be written. Minidumps are not enabled by default on client versions of Windows
#

---------------  S U M M A R Y ------------

Command Line: -Dorg.gradle.appname=gradlew org.gradle.wrapper.GradleWrapperMain -q -Ptarget-platform=android-arm,android-arm64,android-x64 -Ptarget=lib\main.dart -Pbase-application-name=android.app.Application -Pdart-defines=RkxVVFRFUl9WRVJTSU9OPTMuNDQuOA==,RkxVVFRFUl9DSEFOTkVMPXN0YWJsZQ==,RkxVVFRFUl9HSVRfVVJMPWh0dHBzOi8vZ2l0aHViLmNvbS9mbHV0dGVyL2ZsdXR0ZXIuZ2l0,RkxVVFRFUl9GUkFNRVdPUktfUkVWSVNJT049MDU4ZTBhZjJjMg==,RkxVVFRFUl9FTkdJTkVfUkVWSVNJT049MGNkNjEwNzE3Yg==,RkxVVFRFUl9EQVJUX1ZFUlNJT049My4xMi4y -Pdart-obfuscation=false -Ptrack-widget-creation=true -Ptree-shake-icons=false assembleDebug

Host: 12th Gen Intel(R) Core(TM) i5-12450H, 12 cores, 15G,  Windows 11 , 64 bit Build 26100 (10.0.26100.8521)
Time: Sat Jul 25 03:11:07 2026 India Standard Time elapsed time: 863.734790 seconds (0d 0h 14m 23s)

---------------  T H R E A D  ---------------

Current thread (0x0000018cb1271660):  JavaThread "C2 CompilerThread0" daemon [_thread_in_native, id=18704, stack(0x00000028faf00000,0x00000028fb000000) (1024K)]


Current CompileTask:
C2:863734 2299       4       org.gradle.internal.logging.text.AbstractLineChoppingStyledTextOutput$1::execute (9 bytes)

Stack: [0x00000028faf00000,0x00000028fb000000]
Native frames: (J=compiled Java code, j=interpreted, Vv=VM code, C=native code)
V  [jvm.dll+0x6d78a9]
V  [jvm.dll+0x8665b3]
V  [jvm.dll+0x868bde]
V  [jvm.dll+0x8692c3]
V  [jvm.dll+0x280ee6]
V  [jvm.dll+0xc07cd]
V  [jvm.dll+0xc0d03]
V  [jvm.dll+0x2e9df6]
V  [jvm.dll+0x2e9be0]
V  [jvm.dll+0x8234d0]
V  [jvm.dll+0xb6a9c]
V  [jvm.dll+0x700ecf]
V  [jvm.dll+0x396d33]
V  [jvm.dll+0x6f52c6]
V  [jvm.dll+0x6f46e5]
V  [jvm.dll+0x6efbc1]
V  [jvm.dll+0x6e9f6b]
V  [jvm.dll+0x6e9412]
V  [jvm.dll+0x6e75da]
V  [jvm.dll+0x1ca8bc]
V  [jvm.dll+0x2f5374]
V  [jvm.dll+0x6f1d16]
V  [jvm.dll+0x6e9f6b]
V  [jvm.dll+0x6e9412]
V  [jvm.dll+0x6e75da]
V  [jvm.dll+0x1ca8bc]
V  [jvm.dll+0x1cb46a]
V  [jvm.dll+0x2f5374]
V  [jvm.dll+0x6f1d16]
V  [jvm.dll+0x6e9f6b]
V  [jvm.dll+0x6e9412]
V  [jvm.dll+0x6e75da]
V  [jvm.dll+0x1ca8bc]
V  [jvm.dll+0x1cb46a]
V  [jvm.dll+0x2f5374]
V  [jvm.dll+0x6f1d16]
V  [jvm.dll+0x6e9f6b]
V  [jvm.dll+0x6e9412]
V  [jvm.dll+0x6e75da]
V  [jvm.dll+0x1ca8bc]
V  [jvm.dll+0x1cb46a]
V  [jvm.dll+0x2f5374]
V  [jvm.dll+0x6f1d16]
V  [jvm.dll+0x6e9f6b]
V  [jvm.dll+0x6e9412]
V  [jvm.dll+0x6e75da]
V  [jvm.dll+0x1ca8bc]
V  [jvm.dll+0x1cb46a]
V  [jvm.dll+0x2f5374]
V  [jvm.dll+0x6f1d16]
V  [jvm.dll+0x6e9f6b]
V  [jvm.dll+0x6e9412]
V  [jvm.dll+0x6e75da]
V  [jvm.dll+0x1ca8bc]
V  [jvm.dll+0x248d3d]
V  [jvm.dll+0x1c76e4]
V  [jvm.dll+0x25891e]
V  [jvm.dll+0x256e66]
V  [jvm.dll+0x3f513e]
V  [jvm.dll+0x80fd28]
V  [jvm.dll+0x6d60fd]
C  [ucrtbase.dll+0x2cd30]
C  [KERNEL32.DLL+0x2e957]
C  [ntdll.dll+0x87c1c]


---------------  P R O C E S S  ---------------

Threads class SMR info:
_java_thread_list=0x0000018cb6f82520, length=12, elements={
0x0000018c96e8f4d0, 0x0000018cb1248930, 0x0000018cb1257c60, 0x0000018cb12586c0,
0x0000018cb1249f20, 0x0000018cb126b2a0, 0x0000018cb126c4a0, 0x0000018cb126cf00,
0x0000018cb1271660, 0x0000018cb1293c00, 0x0000018cb142e100, 0x0000018cb685acb0
}

Java Threads: ( => current thread )
  0x0000018c96e8f4d0 JavaThread "main"                              [_thread_in_native, id=7936, stack(0x00000028fa000000,0x00000028fa100000) (1024K)]
  0x0000018cb1248930 JavaThread "Common-Cleaner"             daemon [_thread_blocked, id=15612, stack(0x00000028fa800000,0x00000028fa900000) (1024K)]
  0x0000018cb1257c60 JavaThread "Reference Handler"          daemon [_thread_blocked, id=22136, stack(0x00000028fa900000,0x00000028faa00000) (1024K)]
  0x0000018cb12586c0 JavaThread "Finalizer"                  daemon [_thread_blocked, id=29436, stack(0x00000028faa00000,0x00000028fab00000) (1024K)]
  0x0000018cb1249f20 JavaThread "Signal Dispatcher"          daemon [_thread_blocked, id=30080, stack(0x00000028fab00000,0x00000028fac00000) (1024K)]
  0x0000018cb126b2a0 JavaThread "Attach Listener"            daemon [_thread_blocked, id=10540, stack(0x00000028fac00000,0x00000028fad00000) (1024K)]
  0x0000018cb126c4a0 JavaThread "Service Thread"             daemon [_thread_blocked, id=24208, stack(0x00000028fad00000,0x00000028fae00000) (1024K)]
  0x0000018cb126cf00 JavaThread "Monitor Deflation Thread"   daemon [_thread_blocked, id=12284, stack(0x00000028fae00000,0x00000028faf00000) (1024K)]
=>0x0000018cb1271660 JavaThread "C2 CompilerThread0"         daemon [_thread_in_native, id=18704, stack(0x00000028faf00000,0x00000028fb000000) (1024K)]
  0x0000018cb1293c00 JavaThread "C1 CompilerThread0"         daemon [_thread_blocked, id=6468, stack(0x00000028fb000000,0x00000028fb100000) (1024K)]
  0x0000018cb142e100 JavaThread "Notification Thread"        daemon [_thread_blocked, id=5908, stack(0x00000028fb100000,0x00000028fb200000) (1024K)]
  0x0000018cb685acb0 JavaThread "pool-1-thread-1"                   [_thread_in_native, id=31084, stack(0x00000028fb900000,0x00000028fba00000) (1024K)]
Total: 12

Other Threads:
  0x0000018cb1208480 VMThread "VM Thread"                           [id=21876, stack(0x00000028fa700000,0x00000028fa800000) (1024K)]
  0x0000018cb07b3c70 WatcherThread "VM Periodic Task Thread"        [id=24152, stack(0x00000028fa600000,0x00000028fa700000) (1024K)]
  0x0000018c96ef4e30 WorkerThread "GC Thread#0"                     [id=17620, stack(0x00000028fa100000,0x00000028fa200000) (1024K)]
  0x0000018cb1a2d320 WorkerThread "GC Thread#1"                     [id=23400, stack(0x00000028fb400000,0x00000028fb500000) (1024K)]
  0x0000018cb1a2d6d0 WorkerThread "GC Thread#2"                     [id=10944, stack(0x00000028fb500000,0x00000028fb600000) (1024K)]
  0x0000018cb1a2da80 WorkerThread "GC Thread#3"                     [id=24412, stack(0x00000028fb600000,0x00000028fb700000) (1024K)]
  0x0000018cb1a2de30 WorkerThread "GC Thread#4"                     [id=17436, stack(0x00000028fb700000,0x00000028fb800000) (1024K)]
  0x0000018cb1db15d0 WorkerThread "GC Thread#5"                     [id=22304, stack(0x00000028fb800000,0x00000028fb900000) (1024K)]
  0x0000018cb6a30650 WorkerThread "GC Thread#6"                     [id=28040, stack(0x00000028fba00000,0x00000028fbb00000) (1024K)]
  0x0000018cb6a53770 WorkerThread "GC Thread#7"                     [id=19568, stack(0x00000028fbb00000,0x00000028fbc00000) (1024K)]
  0x0000018c96f07ea0 ConcurrentGCThread "G1 Main Marker"            [id=22124, stack(0x00000028fa200000,0x00000028fa300000) (1024K)]
  0x0000018c96f088c0 WorkerThread "G1 Conc#0"                       [id=6388, stack(0x00000028fa300000,0x00000028fa400000) (1024K)]
  0x0000018c96f4eb80 ConcurrentGCThread "G1 Refine#0"               [id=25584, stack(0x00000028fa400000,0x00000028fa500000) (1024K)]
  0x0000018cb067f4e0 ConcurrentGCThread "G1 Service"                [id=26180, stack(0x00000028fa500000,0x00000028fa600000) (1024K)]
Total: 14

Threads with active compile tasks:
C2 CompilerThread0  863758 2299       4       org.gradle.internal.logging.text.AbstractLineChoppingStyledTextOutput$1::execute (9 bytes)
Total: 1

VM state: not at safepoint (normal execution)

VM Mutex/Monitor currently owned by a thread: None

Heap address: 0x0000000704800000, size: 4024 MB, Compressed Oops mode: Zero based, Oop shift amount: 3

CDS archive(s) not mapped
Compressed class space mapped at: 0x0000000800000000-0x0000000840000000, reserved size: 1073741824
Narrow klass base: 0x0000000800000000, Narrow klass shift: 0, Narrow klass range: 0x40000000

GC Precious Log:
 CardTable entry size: 512
 Card Set container configuration: InlinePtr #cards 4 size 8 Array Of Cards #cards 16 size 48 Howl #buckets 8 coarsen threshold 3686 Howl Bitmap #cards 512 size 80 coarsen threshold 460 Card regions per heap region 1 cards per card region 4096
 CPUs: 12 total, 12 available
 Memory: 16088M
 Large Page Support: Disabled
 NUMA Support: Disabled
 Compressed Oops: Enabled (Zero based)
 Heap Region Size: 2M
 Heap Min Capacity: 8M
 Heap Initial Capacity: 252M
 Heap Max Capacity: 4024M
 Pre-touch: Disabled
 Parallel Workers: 10
 Concurrent Workers: 3
 Concurrent Refinement Workers: 10
 Periodic GC: Disabled

Heap:
 garbage-first heap   total 258048K, used 106156K [0x0000000704800000, 0x0000000800000000)
  region size 2048K, 51 young (104448K), 4 survivors (8192K)
 Metaspace       used 19675K, committed 19968K, reserved 1114112K
  class space    used 2290K, committed 2432K, reserved 1048576K

Heap Regions: E=young(eden), S=young(survivor), O=old, HS=humongous(starts), HC=humongous(continues), CS=collection set, F=free, TAMS=top-at-mark-start, PB=parsable bottom
|   0|0x0000000704800000, 0x0000000704a00000, 0x0000000704a00000|100%|HS|  |TAMS 0x0000000704800000| PB 0x0000000704800000| Complete 
|   1|0x0000000704a00000, 0x0000000704c00000, 0x0000000704c00000|100%|HC|  |TAMS 0x0000000704a00000| PB 0x0000000704a00000| Complete 
|   2|0x0000000704c00000, 0x0000000704c00000, 0x0000000704e00000|  0%| F|  |TAMS 0x0000000704c00000| PB 0x0000000704c00000| Untracked 
|   3|0x0000000704e00000, 0x0000000704e00000, 0x0000000705000000|  0%| F|  |TAMS 0x0000000704e00000| PB 0x0000000704e00000| Untracked 
|   4|0x0000000705000000, 0x0000000705000000, 0x0000000705200000|  0%| F|  |TAMS 0x0000000705000000| PB 0x0000000705000000| Untracked 
|   5|0x0000000705200000, 0x0000000705200000, 0x0000000705400000|  0%| F|  |TAMS 0x0000000705200000| PB 0x0000000705200000| Untracked 
|   6|0x0000000705400000, 0x0000000705400000, 0x0000000705600000|  0%| F|  |TAMS 0x0000000705400000| PB 0x0000000705400000| Untracked 
|   7|0x0000000705600000, 0x0000000705600000, 0x0000000705800000|  0%| F|  |TAMS 0x0000000705600000| PB 0x0000000705600000| Untracked 
|   8|0x0000000705800000, 0x0000000705800000, 0x0000000705a00000|  0%| F|  |TAMS 0x0000000705800000| PB 0x0000000705800000| Untracked 
|   9|0x0000000705a00000, 0x0000000705a00000, 0x0000000705c00000|  0%| F|  |TAMS 0x0000000705a00000| PB 0x0000000705a00000| Untracked 
|  10|0x0000000705c00000, 0x0000000705c00000, 0x0000000705e00000|  0%| F|  |TAMS 0x0000000705c00000| PB 0x0000000705c00000| Untracked 
|  11|0x0000000705e00000, 0x0000000705e00000, 0x0000000706000000|  0%| F|  |TAMS 0x0000000705e00000| PB 0x0000000705e00000| Untracked 
|  12|0x0000000706000000, 0x0000000706000000, 0x0000000706200000|  0%| F|  |TAMS 0x0000000706000000| PB 0x0000000706000000| Untracked 
|  13|0x0000000706200000, 0x0000000706200000, 0x0000000706400000|  0%| F|  |TAMS 0x0000000706200000| PB 0x0000000706200000| Untracked 
|  14|0x0000000706400000, 0x0000000706400000, 0x0000000706600000|  0%| F|  |TAMS 0x0000000706400000| PB 0x0000000706400000| Untracked 
|  15|0x0000000706600000, 0x0000000706600000, 0x0000000706800000|  0%| F|  |TAMS 0x0000000706600000| PB 0x0000000706600000| Untracked 
|  16|0x0000000706800000, 0x0000000706800000, 0x0000000706a00000|  0%| F|  |TAMS 0x0000000706800000| PB 0x0000000706800000| Untracked 
|  17|0x0000000706a00000, 0x0000000706a00000, 0x0000000706c00000|  0%| F|  |TAMS 0x0000000706a00000| PB 0x0000000706a00000| Untracked 
|  18|0x0000000706c00000, 0x0000000706c00000, 0x0000000706e00000|  0%| F|  |TAMS 0x0000000706c00000| PB 0x0000000706c00000| Untracked 
|  19|0x0000000706e00000, 0x0000000706e00000, 0x0000000707000000|  0%| F|  |TAMS 0x0000000706e00000| PB 0x0000000706e00000| Untracked 
|  20|0x0000000707000000, 0x0000000707000000, 0x0000000707200000|  0%| F|  |TAMS 0x0000000707000000| PB 0x0000000707000000| Untracked 
|  21|0x0000000707200000, 0x0000000707200000, 0x0000000707400000|  0%| F|  |TAMS 0x0000000707200000| PB 0x0000000707200000| Untracked 
|  22|0x0000000707400000, 0x0000000707400000, 0x0000000707600000|  0%| F|  |TAMS 0x0000000707400000| PB 0x0000000707400000| Untracked 
|  23|0x0000000707600000, 0x0000000707600000, 0x0000000707800000|  0%| F|  |TAMS 0x0000000707600000| PB 0x0000000707600000| Untracked 
|  24|0x0000000707800000, 0x0000000707800000, 0x0000000707a00000|  0%| F|  |TAMS 0x0000000707800000| PB 0x0000000707800000| Untracked 
|  25|0x0000000707a00000, 0x0000000707a00000, 0x0000000707c00000|  0%| F|  |TAMS 0x0000000707a00000| PB 0x0000000707a00000| Untracked 
|  26|0x0000000707c00000, 0x0000000707c00000, 0x0000000707e00000|  0%| F|  |TAMS 0x0000000707c00000| PB 0x0000000707c00000| Untracked 
|  27|0x0000000707e00000, 0x0000000707e00000, 0x0000000708000000|  0%| F|  |TAMS 0x0000000707e00000| PB 0x0000000707e00000| Untracked 
|  28|0x0000000708000000, 0x0000000708000000, 0x0000000708200000|  0%| F|  |TAMS 0x0000000708000000| PB 0x0000000708000000| Untracked 
|  29|0x0000000708200000, 0x0000000708200000, 0x0000000708400000|  0%| F|  |TAMS 0x0000000708200000| PB 0x0000000708200000| Untracked 
|  30|0x0000000708400000, 0x0000000708400000, 0x0000000708600000|  0%| F|  |TAMS 0x0000000708400000| PB 0x0000000708400000| Untracked 
|  31|0x0000000708600000, 0x0000000708600000, 0x0000000708800000|  0%| F|  |TAMS 0x0000000708600000| PB 0x0000000708600000| Untracked 
|  32|0x0000000708800000, 0x0000000708800000, 0x0000000708a00000|  0%| F|  |TAMS 0x0000000708800000| PB 0x0000000708800000| Untracked 
|  33|0x0000000708a00000, 0x0000000708a00000, 0x0000000708c00000|  0%| F|  |TAMS 0x0000000708a00000| PB 0x0000000708a00000| Untracked 
|  34|0x0000000708c00000, 0x0000000708c00000, 0x0000000708e00000|  0%| F|  |TAMS 0x0000000708c00000| PB 0x0000000708c00000| Untracked 
|  35|0x0000000708e00000, 0x0000000708e00000, 0x0000000709000000|  0%| F|  |TAMS 0x0000000708e00000| PB 0x0000000708e00000| Untracked 
|  36|0x0000000709000000, 0x0000000709000000, 0x0000000709200000|  0%| F|  |TAMS 0x0000000709000000| PB 0x0000000709000000| Untracked 
|  37|0x0000000709200000, 0x0000000709200000, 0x0000000709400000|  0%| F|  |TAMS 0x0000000709200000| PB 0x0000000709200000| Untracked 
|  38|0x0000000709400000, 0x0000000709400000, 0x0000000709600000|  0%| F|  |TAMS 0x0000000709400000| PB 0x0000000709400000| Untracked 
|  39|0x0000000709600000, 0x0000000709600000, 0x0000000709800000|  0%| F|  |TAMS 0x0000000709600000| PB 0x0000000709600000| Untracked 
|  40|0x0000000709800000, 0x0000000709800000, 0x0000000709a00000|  0%| F|  |TAMS 0x0000000709800000| PB 0x0000000709800000| Untracked 
|  41|0x0000000709a00000, 0x0000000709a00000, 0x0000000709c00000|  0%| F|  |TAMS 0x0000000709a00000| PB 0x0000000709a00000| Untracked 
|  42|0x0000000709c00000, 0x0000000709c00000, 0x0000000709e00000|  0%| F|  |TAMS 0x0000000709c00000| PB 0x0000000709c00000| Untracked 
|  43|0x0000000709e00000, 0x0000000709e00000, 0x000000070a000000|  0%| F|  |TAMS 0x0000000709e00000| PB 0x0000000709e00000| Untracked 
|  44|0x000000070a000000, 0x000000070a000000, 0x000000070a200000|  0%| F|  |TAMS 0x000000070a000000| PB 0x000000070a000000| Untracked 
|  45|0x000000070a200000, 0x000000070a200000, 0x000000070a400000|  0%| F|  |TAMS 0x000000070a200000| PB 0x000000070a200000| Untracked 
|  46|0x000000070a400000, 0x000000070a400000, 0x000000070a600000|  0%| F|  |TAMS 0x000000070a400000| PB 0x000000070a400000| Untracked 
|  47|0x000000070a600000, 0x000000070a600000, 0x000000070a800000|  0%| F|  |TAMS 0x000000070a600000| PB 0x000000070a600000| Untracked 
|  48|0x000000070a800000, 0x000000070a800000, 0x000000070aa00000|  0%| F|  |TAMS 0x000000070a800000| PB 0x000000070a800000| Untracked 
|  49|0x000000070aa00000, 0x000000070aa00000, 0x000000070ac00000|  0%| F|  |TAMS 0x000000070aa00000| PB 0x000000070aa00000| Untracked 
|  50|0x000000070ac00000, 0x000000070ac00000, 0x000000070ae00000|  0%| F|  |TAMS 0x000000070ac00000| PB 0x000000070ac00000| Untracked 
|  51|0x000000070ae00000, 0x000000070ae00000, 0x000000070b000000|  0%| F|  |TAMS 0x000000070ae00000| PB 0x000000070ae00000| Untracked 
|  52|0x000000070b000000, 0x000000070b000000, 0x000000070b200000|  0%| F|  |TAMS 0x000000070b000000| PB 0x000000070b000000| Untracked 
|  53|0x000000070b200000, 0x000000070b200000, 0x000000070b400000|  0%| F|  |TAMS 0x000000070b200000| PB 0x000000070b200000| Untracked 
|  54|0x000000070b400000, 0x000000070b400000, 0x000000070b600000|  0%| F|  |TAMS 0x000000070b400000| PB 0x000000070b400000| Untracked 
|  55|0x000000070b600000, 0x000000070b600000, 0x000000070b800000|  0%| F|  |TAMS 0x000000070b600000| PB 0x000000070b600000| Untracked 
|  56|0x000000070b800000, 0x000000070b800000, 0x000000070ba00000|  0%| F|  |TAMS 0x000000070b800000| PB 0x000000070b800000| Untracked 
|  57|0x000000070ba00000, 0x000000070ba00000, 0x000000070bc00000|  0%| F|  |TAMS 0x000000070ba00000| PB 0x000000070ba00000| Untracked 
|  58|0x000000070bc00000, 0x000000070bc00000, 0x000000070be00000|  0%| F|  |TAMS 0x000000070bc00000| PB 0x000000070bc00000| Untracked 
|  59|0x000000070be00000, 0x000000070be00000, 0x000000070c000000|  0%| F|  |TAMS 0x000000070be00000| PB 0x000000070be00000| Untracked 
|  60|0x000000070c000000, 0x000000070c000000, 0x000000070c200000|  0%| F|  |TAMS 0x000000070c000000| PB 0x000000070c000000| Untracked 
|  61|0x000000070c200000, 0x000000070c200000, 0x000000070c400000|  0%| F|  |TAMS 0x000000070c200000| PB 0x000000070c200000| Untracked 
|  62|0x000000070c400000, 0x000000070c400000, 0x000000070c600000|  0%| F|  |TAMS 0x000000070c400000| PB 0x000000070c400000| Untracked 
|  63|0x000000070c600000, 0x000000070c600000, 0x000000070c800000|  0%| F|  |TAMS 0x000000070c600000| PB 0x000000070c600000| Untracked 
|  64|0x000000070c800000, 0x000000070c800000, 0x000000070ca00000|  0%| F|  |TAMS 0x000000070c800000| PB 0x000000070c800000| Untracked 
|  65|0x000000070ca00000, 0x000000070ca00000, 0x000000070cc00000|  0%| F|  |TAMS 0x000000070ca00000| PB 0x000000070ca00000| Untracked 
|  66|0x000000070cc00000, 0x000000070cc00000, 0x000000070ce00000|  0%| F|  |TAMS 0x000000070cc00000| PB 0x000000070cc00000| Untracked 
|  67|0x000000070ce00000, 0x000000070ce00000, 0x000000070d000000|  0%| F|  |TAMS 0x000000070ce00000| PB 0x000000070ce00000| Untracked 
|  68|0x000000070d000000, 0x000000070d000000, 0x000000070d200000|  0%| F|  |TAMS 0x000000070d000000| PB 0x000000070d000000| Untracked 
|  69|0x000000070d200000, 0x000000070d200000, 0x000000070d400000|  0%| F|  |TAMS 0x000000070d200000| PB 0x000000070d200000| Untracked 
|  70|0x000000070d400000, 0x000000070d400000, 0x000000070d600000|  0%| F|  |TAMS 0x000000070d400000| PB 0x000000070d400000| Untracked 
|  71|0x000000070d600000, 0x000000070d600000, 0x000000070d800000|  0%| F|  |TAMS 0x000000070d600000| PB 0x000000070d600000| Untracked 
|  72|0x000000070d800000, 0x000000070d800000, 0x000000070da00000|  0%| F|  |TAMS 0x000000070d800000| PB 0x000000070d800000| Untracked 
|  73|0x000000070da00000, 0x000000070da00000, 0x000000070dc00000|  0%| F|  |TAMS 0x000000070da00000| PB 0x000000070da00000| Untracked 
|  74|0x000000070dc00000, 0x000000070dc00000, 0x000000070de00000|  0%| F|  |TAMS 0x000000070dc00000| PB 0x000000070dc00000| Untracked 
|  75|0x000000070de00000, 0x000000070ded1f98, 0x000000070e000000| 41%| E|  |TAMS 0x000000070de00000| PB 0x000000070de00000| Complete 
|  76|0x000000070e000000, 0x000000070e200000, 0x000000070e200000|100%| E|CS|TAMS 0x000000070e000000| PB 0x000000070e000000| Complete 
|  77|0x000000070e200000, 0x000000070e400000, 0x000000070e400000|100%| E|CS|TAMS 0x000000070e200000| PB 0x000000070e200000| Complete 
|  78|0x000000070e400000, 0x000000070e600000, 0x000000070e600000|100%| E|CS|TAMS 0x000000070e400000| PB 0x000000070e400000| Complete 
|  79|0x000000070e600000, 0x000000070e800000, 0x000000070e800000|100%| E|CS|TAMS 0x000000070e600000| PB 0x000000070e600000| Complete 
|  80|0x000000070e800000, 0x000000070ea00000, 0x000000070ea00000|100%| E|CS|TAMS 0x000000070e800000| PB 0x000000070e800000| Complete 
|  81|0x000000070ea00000, 0x000000070ec00000, 0x000000070ec00000|100%| E|CS|TAMS 0x000000070ea00000| PB 0x000000070ea00000| Complete 
|  82|0x000000070ec00000, 0x000000070ee00000, 0x000000070ee00000|100%| E|CS|TAMS 0x000000070ec00000| PB 0x000000070ec00000| Complete 
|  83|0x000000070ee00000, 0x000000070f000000, 0x000000070f000000|100%| E|CS|TAMS 0x000000070ee00000| PB 0x000000070ee00000| Complete 
|  84|0x000000070f000000, 0x000000070f200000, 0x000000070f200000|100%| E|CS|TAMS 0x000000070f000000| PB 0x000000070f000000| Complete 
|  85|0x000000070f200000, 0x000000070f400000, 0x000000070f400000|100%| E|CS|TAMS 0x000000070f200000| PB 0x000000070f200000| Complete 
|  86|0x000000070f400000, 0x000000070f600000, 0x000000070f600000|100%| E|CS|TAMS 0x000000070f400000| PB 0x000000070f400000| Complete 
|  87|0x000000070f600000, 0x000000070f800000, 0x000000070f800000|100%| E|CS|TAMS 0x000000070f600000| PB 0x000000070f600000| Complete 
|  88|0x000000070f800000, 0x000000070fa00000, 0x000000070fa00000|100%| E|CS|TAMS 0x000000070f800000| PB 0x000000070f800000| Complete 
|  89|0x000000070fa00000, 0x000000070fc00000, 0x000000070fc00000|100%| E|CS|TAMS 0x000000070fa00000| PB 0x000000070fa00000| Complete 
|  90|0x000000070fc00000, 0x000000070fe00000, 0x000000070fe00000|100%| E|CS|TAMS 0x000000070fc00000| PB 0x000000070fc00000| Complete 
|  91|0x000000070fe00000, 0x0000000710000000, 0x0000000710000000|100%| E|CS|TAMS 0x000000070fe00000| PB 0x000000070fe00000| Complete 
|  92|0x0000000710000000, 0x0000000710200000, 0x0000000710200000|100%| E|CS|TAMS 0x0000000710000000| PB 0x0000000710000000| Complete 
|  93|0x0000000710200000, 0x0000000710400000, 0x0000000710400000|100%| E|CS|TAMS 0x0000000710200000| PB 0x0000000710200000| Complete 
|  94|0x0000000710400000, 0x0000000710600000, 0x0000000710600000|100%| E|CS|TAMS 0x0000000710400000| PB 0x0000000710400000| Complete 
|  95|0x0000000710600000, 0x0000000710800000, 0x0000000710800000|100%| E|CS|TAMS 0x0000000710600000| PB 0x0000000710600000| Complete 
|  96|0x0000000710800000, 0x0000000710a00000, 0x0000000710a00000|100%| E|CS|TAMS 0x0000000710800000| PB 0x0000000710800000| Complete 
|  97|0x0000000710a00000, 0x0000000710bab168, 0x0000000710c00000| 83%| S|CS|TAMS 0x0000000710a00000| PB 0x0000000710a00000| Complete 
|  98|0x0000000710c00000, 0x0000000710e00000, 0x0000000710e00000|100%| S|CS|TAMS 0x0000000710c00000| PB 0x0000000710c00000| Complete 
|  99|0x0000000710e00000, 0x0000000711000000, 0x0000000711000000|100%| S|CS|TAMS 0x0000000710e00000| PB 0x0000000710e00000| Complete 
| 100|0x0000000711000000, 0x0000000711200000, 0x0000000711200000|100%| S|CS|TAMS 0x0000000711000000| PB 0x0000000711000000| Complete 
| 101|0x0000000711200000, 0x0000000711400000, 0x0000000711400000|100%| E|CS|TAMS 0x0000000711200000| PB 0x0000000711200000| Complete 
| 102|0x0000000711400000, 0x0000000711600000, 0x0000000711600000|100%| E|CS|TAMS 0x0000000711400000| PB 0x0000000711400000| Complete 
| 103|0x0000000711600000, 0x0000000711800000, 0x0000000711800000|100%| E|CS|TAMS 0x0000000711600000| PB 0x0000000711600000| Complete 
| 104|0x0000000711800000, 0x0000000711a00000, 0x0000000711a00000|100%| E|CS|TAMS 0x0000000711800000| PB 0x0000000711800000| Complete 
| 105|0x0000000711a00000, 0x0000000711c00000, 0x0000000711c00000|100%| E|CS|TAMS 0x0000000711a00000| PB 0x0000000711a00000| Complete 
| 106|0x0000000711c00000, 0x0000000711e00000, 0x0000000711e00000|100%| E|CS|TAMS 0x0000000711c00000| PB 0x0000000711c00000| Complete 
| 107|0x0000000711e00000, 0x0000000712000000, 0x0000000712000000|100%| E|CS|TAMS 0x0000000711e00000| PB 0x0000000711e00000| Complete 
| 108|0x0000000712000000, 0x0000000712200000, 0x0000000712200000|100%| E|CS|TAMS 0x0000000712000000| PB 0x0000000712000000| Complete 
| 109|0x0000000712200000, 0x0000000712400000, 0x0000000712400000|100%| E|CS|TAMS 0x0000000712200000| PB 0x0000000712200000| Complete 
| 110|0x0000000712400000, 0x0000000712600000, 0x0000000712600000|100%| E|CS|TAMS 0x0000000712400000| PB 0x0000000712400000| Complete 
| 111|0x0000000712600000, 0x0000000712800000, 0x0000000712800000|100%| E|CS|TAMS 0x0000000712600000| PB 0x0000000712600000| Complete 
| 112|0x0000000712800000, 0x0000000712a00000, 0x0000000712a00000|100%| E|CS|TAMS 0x0000000712800000| PB 0x0000000712800000| Complete 
| 113|0x0000000712a00000, 0x0000000712c00000, 0x0000000712c00000|100%| E|CS|TAMS 0x0000000712a00000| PB 0x0000000712a00000| Complete 
| 114|0x0000000712c00000, 0x0000000712e00000, 0x0000000712e00000|100%| E|CS|TAMS 0x0000000712c00000| PB 0x0000000712c00000| Complete 
| 115|0x0000000712e00000, 0x0000000713000000, 0x0000000713000000|100%| E|CS|TAMS 0x0000000712e00000| PB 0x0000000712e00000| Complete 
| 116|0x0000000713000000, 0x0000000713200000, 0x0000000713200000|100%| E|CS|TAMS 0x0000000713000000| PB 0x0000000713000000| Complete 
| 117|0x0000000713200000, 0x0000000713400000, 0x0000000713400000|100%| E|CS|TAMS 0x0000000713200000| PB 0x0000000713200000| Complete 
| 118|0x0000000713400000, 0x0000000713600000, 0x0000000713600000|100%| E|CS|TAMS 0x0000000713400000| PB 0x0000000713400000| Complete 
| 119|0x0000000713600000, 0x0000000713800000, 0x0000000713800000|100%| E|CS|TAMS 0x0000000713600000| PB 0x0000000713600000| Complete 
| 120|0x0000000713800000, 0x0000000713a00000, 0x0000000713a00000|100%| E|CS|TAMS 0x0000000713800000| PB 0x0000000713800000| Complete 
| 121|0x0000000713a00000, 0x0000000713c00000, 0x0000000713c00000|100%| E|CS|TAMS 0x0000000713a00000| PB 0x0000000713a00000| Complete 
| 122|0x0000000713c00000, 0x0000000713e00000, 0x0000000713e00000|100%| E|CS|TAMS 0x0000000713c00000| PB 0x0000000713c00000| Complete 
| 123|0x0000000713e00000, 0x0000000714000000, 0x0000000714000000|100%| E|CS|TAMS 0x0000000713e00000| PB 0x0000000713e00000| Complete 
| 124|0x0000000714000000, 0x0000000714200000, 0x0000000714200000|100%| E|CS|TAMS 0x0000000714000000| PB 0x0000000714000000| Complete 
| 125|0x0000000714200000, 0x0000000714400000, 0x0000000714400000|100%| E|CS|TAMS 0x0000000714200000| PB 0x0000000714200000| Complete 

Card table byte_map: [0x0000018ca9d20000,0x0000018caa500000] _byte_map_base: 0x0000018ca64fc000

Marking Bits: (CMBitMap*) 0x0000018c96ef5450
 Bits: [0x0000018caa500000, 0x0000018cae3e0000)

Polling page: 0x0000018c94cb0000

Metaspace:

Usage:
  Non-class:     16.98 MB used.
      Class:      2.24 MB used.
       Both:     19.21 MB used.

Virtual space:
  Non-class space:       64.00 MB reserved,      17.12 MB ( 27%) committed,  1 nodes.
      Class space:        1.00 GB reserved,       2.38 MB ( <1%) committed,  1 nodes.
             Both:        1.06 GB reserved,      19.50 MB (  2%) committed. 

Chunk freelists:
   Non-Class:  14.58 MB
       Class:  13.59 MB
        Both:  28.17 MB

MaxMetaspaceSize: unlimited
CompressedClassSpaceSize: 1.00 GB
Initial GC threshold: 21.00 MB
Current GC threshold: 21.00 MB
CDS: off
 - commit_granule_bytes: 65536.
 - commit_granule_words: 8192.
 - virtual_space_node_default_size: 8388608.
 - enlarge_chunks_in_place: 1.
 - use_allocation_guard: 0.


Internal statistics:

num_allocs_failed_limit: 0.
num_arena_births: 212.
num_arena_deaths: 0.
num_vsnodes_births: 2.
num_vsnodes_deaths: 0.
num_space_committed: 312.
num_space_uncommitted: 0.
num_chunks_returned_to_freelist: 0.
num_chunks_taken_from_freelist: 521.
num_chunk_merges: 0.
num_chunk_splits: 335.
num_chunks_enlarged: 251.
num_inconsistent_stats: 0.

CodeHeap 'non-profiled nmethods': size=120000Kb used=1498Kb max_used=1498Kb free=118501Kb
 bounds [0x0000018ca1ac0000, 0x0000018ca1d30000, 0x0000018ca8ff0000]
CodeHeap 'profiled nmethods': size=120000Kb used=4229Kb max_used=4229Kb free=115770Kb
 bounds [0x0000018c99ff0000, 0x0000018c9a420000, 0x0000018ca1520000]
CodeHeap 'non-nmethods': size=5760Kb used=1316Kb max_used=1340Kb free=4444Kb
 bounds [0x0000018ca1520000, 0x0000018ca1790000, 0x0000018ca1ac0000]
CodeCache: size=245760Kb, used=7043Kb, max_used=7067Kb, free=238715Kb
 total_blobs=2803, nmethods=2305, adapters=403, full_count=0
Compilation: enabled, stopped_count=0, restarted_count=0

Compilation events (20 events):
Event: 863.729 Thread 0x0000018cb1293c00 2290       3       java.nio.CharBuffer::arrayOffset (35 bytes)
Event: 863.730 Thread 0x0000018cb1293c00 nmethod 2290 0x0000018c9a40dd10 code [0x0000018c9a40dee0, 0x0000018c9a40e1b0]
Event: 863.730 Thread 0x0000018cb1293c00 2291       3       java.lang.StringCoding::implEncodeAsciiArray (47 bytes)
Event: 863.730 Thread 0x0000018cb1293c00 nmethod 2291 0x0000018c9a40e310 code [0x0000018c9a40e4c0, 0x0000018c9a40e6f8]
Event: 863.730 Thread 0x0000018cb1293c00 2292       3       java.nio.ByteBuffer::array (35 bytes)
Event: 863.730 Thread 0x0000018cb1293c00 nmethod 2292 0x0000018c9a40e890 code [0x0000018c9a40ea60, 0x0000018c9a40ed30]
Event: 863.730 Thread 0x0000018cb1293c00 2294       3       java.nio.CharBuffer::position (8 bytes)
Event: 863.730 Thread 0x0000018cb1271660 2293       4       org.gradle.internal.logging.text.AbstractLineChoppingStyledTextOutput$StateContext::hasChar (25 bytes)
Event: 863.730 Thread 0x0000018cb1293c00 nmethod 2294 0x0000018c9a40ee90 code [0x0000018c9a40f040, 0x0000018c9a40f190]
Event: 863.730 Thread 0x0000018cb1293c00 2295       3       java.io.BufferedOutputStream::flushBuffer (29 bytes)
Event: 863.731 Thread 0x0000018cb1293c00 nmethod 2295 0x0000018c9a40f210 code [0x0000018c9a40f3c0, 0x0000018c9a40f5f0]
Event: 863.731 Thread 0x0000018cb1293c00 2296   !   3       java.io.BufferedOutputStream::flush (60 bytes)
Event: 863.731 Thread 0x0000018cb1271660 nmethod 2293 0x0000018ca1c34810 code [0x0000018ca1c349a0, 0x0000018ca1c34a58]
Event: 863.731 Thread 0x0000018cb1293c00 nmethod 2296 0x0000018ca1c34b10 code [0x0000018ca1c34e00, 0x0000018ca1c35f78]
Event: 863.731 Thread 0x0000018cb1293c00 2298       1       java.nio.charset.CharsetEncoder::maxBytesPerChar (5 bytes)
Event: 863.731 Thread 0x0000018cb1293c00 nmethod 2298 0x0000018ca1c36610 code [0x0000018ca1c367a0, 0x0000018ca1c36868]
Event: 863.731 Thread 0x0000018cb1271660 2299       4       org.gradle.internal.logging.text.AbstractLineChoppingStyledTextOutput$1::execute (9 bytes)
Event: 863.732 Thread 0x0000018cb1293c00 2302       3       java.io.FileDescriptor$1::getAppend (5 bytes)
Event: 863.732 Thread 0x0000018cb1293c00 nmethod 2302 0x0000018c9a40f690 code [0x0000018c9a40f820, 0x0000018c9a40f938]
Event: 863.733 Thread 0x0000018cb1293c00 2303       3       org.gradle.internal.logging.text.AbstractStyledTextOutput::style (20 bytes)

GC Heap History (4 events):
Event: 0.675 GC heap before
{Heap before GC invocations=0 (full 0):
 garbage-first heap   total 258048K, used 22528K [0x0000000704800000, 0x0000000800000000)
  region size 2048K, 11 young (22528K), 0 survivors (0K)
 Metaspace       used 8797K, committed 8960K, reserved 1114112K
  class space    used 815K, committed 896K, reserved 1048576K
}
Event: 0.678 GC heap after
{Heap after GC invocations=1 (full 0):
 garbage-first heap   total 258048K, used 1600K [0x0000000704800000, 0x0000000800000000)
  region size 2048K, 1 young (2048K), 1 survivors (2048K)
 Metaspace       used 8797K, committed 8960K, reserved 1114112K
  class space    used 815K, committed 896K, reserved 1048576K
}
Event: 1.824 GC heap before
{Heap before GC invocations=1 (full 0):
 garbage-first heap   total 258048K, used 54848K [0x0000000704800000, 0x0000000800000000)
  region size 2048K, 25 young (51200K), 1 survivors (2048K)
 Metaspace       used 16428K, committed 16640K, reserved 1114112K
  class space    used 1937K, committed 2048K, reserved 1048576K
}
Event: 1.830 GC heap after
{Heap after GC invocations=2 (full 0):
 garbage-first heap   total 258048K, used 11948K [0x0000000704800000, 0x0000000800000000)
  region size 2048K, 4 young (8192K), 4 survivors (8192K)
 Metaspace       used 16428K, committed 16640K, reserved 1114112K
  class space    used 1937K, committed 2048K, reserved 1048576K
}

Dll operation events (3 events):
Event: 0.014 Loaded shared library C:\Program Files\Android\Android Studio\jbr\bin\java.dll
Event: 0.023 Loaded shared library C:\Program Files\Android\Android Studio\jbr\bin\zip.dll
Event: 0.211 Loaded shared library C:\Program Files\Android\Android Studio\jbr\bin\verify.dll

Deoptimization events (20 events):
Event: 539.061 Thread 0x0000018cb685acb0 DEOPT PACKING pc=0x0000018ca1c20884 sp=0x00000028fb9ff4b0
Event: 539.061 Thread 0x0000018cb685acb0 DEOPT UNPACKING pc=0x0000018ca1574422 sp=0x00000028fb9ff370 mode 2
Event: 540.692 Thread 0x0000018c96e8f4d0 DEOPT PACKING pc=0x0000018c9a3fe901 sp=0x00000028fa0fe3e0
Event: 540.692 Thread 0x0000018c96e8f4d0 DEOPT UNPACKING pc=0x0000018ca1574bc2 sp=0x00000028fa0fd9b8 mode 0
Event: 542.585 Thread 0x0000018c96e8f4d0 Uncommon trap: trap_request=0xffffff45 fr.pc=0x0000018ca1be71c0 relative=0x00000000000002e0
Event: 542.585 Thread 0x0000018c96e8f4d0 Uncommon trap: reason=unstable_if action=reinterpret pc=0x0000018ca1be71c0 method=com.esotericsoftware.kryo.io.Input.readVarLong(Z)J @ 84 c2
Event: 542.585 Thread 0x0000018c96e8f4d0 DEOPT PACKING pc=0x0000018ca1be71c0 sp=0x00000028fa0fe1e0
Event: 542.585 Thread 0x0000018c96e8f4d0 DEOPT UNPACKING pc=0x0000018ca1574422 sp=0x00000028fa0fe180 mode 2
Event: 737.352 Thread 0x0000018c96e8f4d0 Uncommon trap: trap_request=0xffffffde fr.pc=0x0000018ca1c0ef50 relative=0x0000000000001850
Event: 737.352 Thread 0x0000018c96e8f4d0 Uncommon trap: reason=class_check action=maybe_recompile pc=0x0000018ca1c0ef50 method=org.gradle.internal.logging.sink.OutputEventTransformer.onOutput(Lorg/gradle/internal/logging/events/OutputEvent;)V @ 308 c2
Event: 737.352 Thread 0x0000018c96e8f4d0 DEOPT PACKING pc=0x0000018ca1c0ef50 sp=0x00000028fa0fe420
Event: 737.352 Thread 0x0000018c96e8f4d0 DEOPT UNPACKING pc=0x0000018ca1574422 sp=0x00000028fa0fe408 mode 2
Event: 737.432 Thread 0x0000018cb685acb0 Uncommon trap: trap_request=0xffffffde fr.pc=0x0000018ca1c16278 relative=0x00000000000007d8
Event: 737.432 Thread 0x0000018cb685acb0 Uncommon trap: reason=class_check action=maybe_recompile pc=0x0000018ca1c16278 method=org.gradle.internal.logging.sink.GroupingProgressLogEventGenerator.onOutput(Lorg/gradle/internal/logging/events/OutputEvent;)V @ 27 c2
Event: 737.432 Thread 0x0000018cb685acb0 DEOPT PACKING pc=0x0000018ca1c16278 sp=0x00000028fb9ff4c0
Event: 737.432 Thread 0x0000018cb685acb0 DEOPT UNPACKING pc=0x0000018ca1574422 sp=0x00000028fb9ff338 mode 2
Event: 815.705 Thread 0x0000018c96e8f4d0 Uncommon trap: trap_request=0xffffff45 fr.pc=0x0000018ca1c29460 relative=0x00000000000000c0
Event: 815.705 Thread 0x0000018c96e8f4d0 Uncommon trap: reason=unstable_if action=reinterpret pc=0x0000018ca1c29460 method=com.esotericsoftware.kryo.io.Input.readInt_slow(Z)I @ 27 c2
Event: 815.705 Thread 0x0000018c96e8f4d0 DEOPT PACKING pc=0x0000018ca1c29460 sp=0x00000028fa0fe340
Event: 815.705 Thread 0x0000018c96e8f4d0 DEOPT UNPACKING pc=0x0000018ca1574422 sp=0x00000028fa0fe2b8 mode 2

Classes loaded (20 events):
Event: 737.350 Loading class jdk/internal/access/JavaObjectInputStreamReadString
Event: 737.350 Loading class jdk/internal/access/JavaObjectInputStreamReadString done
Event: 737.350 Loading class java/io/ObjectInputStream$BlockDataInputStream
Event: 737.350 Loading class java/io/ObjectInputStream$BlockDataInputStream done
Event: 737.350 Loading class java/io/ObjectInputStream$PeekInputStream
Event: 737.350 Loading class java/io/ObjectInputStream$PeekInputStream done
Event: 737.350 Loading class java/io/ObjectInputStream$HandleTable
Event: 737.350 Loading class java/io/ObjectInputStream$HandleTable done
Event: 737.350 Loading class java/io/ObjectInputStream$HandleTable$HandleList
Event: 737.350 Loading class java/io/ObjectInputStream$HandleTable$HandleList done
Event: 737.350 Loading class java/io/ObjectInputStream$ValidationList
Event: 737.350 Loading class java/io/ObjectInputStream$ValidationList done
Event: 737.350 Loading class java/io/ObjectInputFilter$Config
Event: 737.350 Loading class java/io/ObjectInputFilter$Config done
Event: 737.350 Loading class java/io/ObjectInputFilter
Event: 737.350 Loading class java/io/ObjectInputFilter done
Event: 737.351 Loading class java/io/ObjectInputFilter$Config$BuiltinFilterFactory
Event: 737.351 Loading class java/io/ObjectInputFilter$Config$BuiltinFilterFactory done
Event: 737.351 Loading class jdk/internal/access/JavaObjectInputFilterAccess
Event: 737.351 Loading class jdk/internal/access/JavaObjectInputFilterAccess done

Classes unloaded (0 events):
No events

Classes redefined (0 events):
No events

Internal exceptions (20 events):
Event: 1.707 Thread 0x0000018c96e8f4d0 Exception <a 'sun/nio/fs/WindowsException'{0x0000000711472a50}> (0x0000000711472a50) 
thrown [s\src\hotspot\share\prims\jni.cpp, line 537]
Event: 1.731 Thread 0x0000018c96e8f4d0 Exception <a 'java/lang/NoSuchMethodError'{0x000000071155ae60}: 'java.lang.Object java.lang.invoke.DirectMethodHandle$Holder.invokeVirtual(java.lang.Object, java.lang.Object, java.lang.Object, java.lang.Object, java.lang.Object, java.lang.Object, java.lang.Object, java.lang.Object, java.lang.Object)'> (0x000000071155ae60) 
thrown [s\src\hotspot\share\interpreter\linkResolver.cpp, line 784]
Event: 1.812 Thread 0x0000018c96e8f4d0 Exception <a 'java/lang/NoSuchMethodError'{0x00000007113a5db8}: 'java.lang.Object java.lang.invoke.DirectMethodHandle$Holder.invokeVirtual(java.lang.Object, java.lang.Object, java.lang.Object, java.lang.Object, java.lang.Object, java.lang.Object, java.lang.Object, java.lang.Object)'> (0x00000007113a5db8) 
thrown [s\src\hotspot\share\interpreter\linkResolver.cpp, line 784]
Event: 1.861 Thread 0x0000018c96e8f4d0 Exception <a 'java/lang/NoSuchMethodError'{0x0000000714256558}: 'java.lang.Object java.lang.invoke.DirectMethodHandle$Holder.invokeStaticInit(java.lang.Object, java.lang.Object, int, int, int, int)'> (0x0000000714256558) 
thrown [s\src\hotspot\share\interpreter\linkResolver.cpp, line 784]
Event: 1.870 Thread 0x0000018c96e8f4d0 Exception <a 'sun/nio/fs/WindowsException'{0x00000007142a8f08}> (0x00000007142a8f08) 
thrown [s\src\hotspot\share\prims\jni.cpp, line 537]
Event: 1.874 Thread 0x0000018c96e8f4d0 Exception <a 'sun/nio/fs/WindowsException'{0x00000007142c5c08}> (0x00000007142c5c08) 
thrown [s\src\hotspot\share\prims\jni.cpp, line 537]
Event: 1.891 Thread 0x0000018c96e8f4d0 Exception <a 'sun/nio/fs/WindowsException'{0x0000000714327888}> (0x0000000714327888) 
thrown [s\src\hotspot\share\prims\jni.cpp, line 537]
Event: 1.892 Thread 0x0000018c96e8f4d0 Exception <a 'sun/nio/fs/WindowsException'{0x00000007143291a8}> (0x00000007143291a8) 
thrown [s\src\hotspot\share\prims\jni.cpp, line 537]
Event: 1.892 Thread 0x0000018c96e8f4d0 Exception <a 'sun/nio/fs/WindowsException'{0x000000071432a328}> (0x000000071432a328) 
thrown [s\src\hotspot\share\prims\jni.cpp, line 537]
Event: 1.897 Thread 0x0000018c96e8f4d0 Exception <a 'sun/nio/fs/WindowsException'{0x0000000714343640}> (0x0000000714343640) 
thrown [s\src\hotspot\share\prims\jni.cpp, line 537]
Event: 1.897 Thread 0x0000018c96e8f4d0 Exception <a 'sun/nio/fs/WindowsException'{0x0000000714344f60}> (0x0000000714344f60) 
thrown [s\src\hotspot\share\prims\jni.cpp, line 537]
Event: 1.898 Thread 0x0000018c96e8f4d0 Exception <a 'sun/nio/fs/WindowsException'{0x00000007143460e0}> (0x00000007143460e0) 
thrown [s\src\hotspot\share\prims\jni.cpp, line 537]
Event: 1.904 Thread 0x0000018c96e8f4d0 Exception <a 'sun/nio/fs/WindowsException'{0x000000071435af98}> (0x000000071435af98) 
thrown [s\src\hotspot\share\prims\jni.cpp, line 537]
Event: 1.904 Thread 0x0000018c96e8f4d0 Exception <a 'sun/nio/fs/WindowsException'{0x000000071435c8b8}> (0x000000071435c8b8) 
thrown [s\src\hotspot\share\prims\jni.cpp, line 537]
Event: 1.904 Thread 0x0000018c96e8f4d0 Exception <a 'sun/nio/fs/WindowsException'{0x000000071435da38}> (0x000000071435da38) 
thrown [s\src\hotspot\share\prims\jni.cpp, line 537]
Event: 1.906 Thread 0x0000018c96e8f4d0 Exception <a 'sun/nio/fs/WindowsException'{0x00000007143659d8}> (0x00000007143659d8) 
thrown [s\src\hotspot\share\prims\jni.cpp, line 537]
Event: 2.014 Thread 0x0000018c96e8f4d0 Exception <a 'sun/nio/fs/WindowsException'{0x0000000712e2ab58}> (0x0000000712e2ab58) 
thrown [s\src\hotspot\share\prims\jni.cpp, line 537]
Event: 2.131 Thread 0x0000018cb6bb24c0 Exception <a 'java/lang/NoSuchMethodError'{0x00000007122ef278}: 'void java.lang.invoke.DirectMethodHandle$Holder.invokeStatic(java.lang.Object, long)'> (0x00000007122ef278) 
thrown [s\src\hotspot\share\interpreter\linkResolver.cpp, line 784]
Event: 5.022 Thread 0x0000018c96e8f4d0 Exception <a 'sun/nio/fs/WindowsException'{0x00000007122b9fe0}> (0x00000007122b9fe0) 
thrown [s\src\hotspot\share\prims\jni.cpp, line 537]
Event: 5.027 Thread 0x0000018c96e8f4d0 Exception <a 'sun/nio/fs/WindowsException'{0x00000007122dc758}> (0x00000007122dc758) 
thrown [s\src\hotspot\share\prims\jni.cpp, line 537]

ZGC Phase Switch (0 events):
No events

VM Operations (20 events):
Event: 624.591 Executing safepoint VM operation: Cleanup
Event: 624.591 Executing safepoint VM operation: Cleanup done
Event: 661.531 Executing non-safepoint VM operation: HandshakeAllThreads (HandshakeForDeflation)
Event: 661.531 Executing non-safepoint VM operation: HandshakeAllThreads (HandshakeForDeflation) done
Event: 661.531 Executing non-safepoint VM operation: RendezvousGCThreads
Event: 661.531 Executing non-safepoint VM operation: RendezvousGCThreads done
Event: 721.670 Executing non-safepoint VM operation: HandshakeAllThreads (HandshakeForDeflation)
Event: 721.670 Executing non-safepoint VM operation: HandshakeAllThreads (HandshakeForDeflation) done
Event: 721.670 Executing non-safepoint VM operation: RendezvousGCThreads
Event: 721.670 Executing non-safepoint VM operation: RendezvousGCThreads done
Event: 737.842 Executing safepoint VM operation: Cleanup
Event: 737.842 Executing safepoint VM operation: Cleanup done
Event: 781.707 Executing non-safepoint VM operation: HandshakeAllThreads (HandshakeForDeflation)
Event: 781.707 Executing non-safepoint VM operation: HandshakeAllThreads (HandshakeForDeflation) done
Event: 781.707 Executing non-safepoint VM operation: RendezvousGCThreads
Event: 781.707 Executing non-safepoint VM operation: RendezvousGCThreads done
Event: 841.748 Executing non-safepoint VM operation: HandshakeAllThreads (HandshakeForDeflation)
Event: 841.748 Executing non-safepoint VM operation: HandshakeAllThreads (HandshakeForDeflation) done
Event: 841.748 Executing non-safepoint VM operation: RendezvousGCThreads
Event: 841.748 Executing non-safepoint VM operation: RendezvousGCThreads done

Memory protections (0 events):
No events

Nmethod flushes (0 events):
No events

Events (20 events):
Event: 0.188 Loaded shared library C:\Program Files\Android\Android Studio\jbr\bin\nio.dll
Event: 0.201 Loaded shared library C:\Program Files\Android\Android Studio\jbr\bin\zip.dll
Event: 0.307 Loaded shared library C:\Program Files\Android\Android Studio\jbr\bin\jimage.dll
Event: 0.500 Thread 0x0000018cb1293c00 Thread added: 0x0000018cb191b7f0
Event: 0.670 Thread 0x0000018cb191b7f0 Thread added: 0x0000018cb1e26d20
Event: 1.249 Loaded shared library C:\Program Files\Android\Android Studio\jbr\bin\management.dll
Event: 1.258 Loaded shared library C:\Program Files\Android\Android Studio\jbr\bin\management_ext.dll
Event: 1.364 Loaded shared library C:\Users\moham\.gradle\native\1def1411415f61bf3af743bc5b6707747c0891f09f0c88961ee8f79bc544acac\windows-amd64\native-platform.dll
Event: 1.421 Thread 0x0000018c96e8f4d0 Thread added: 0x0000018cb685acb0
Event: 1.641 Loaded shared library C:\Program Files\Android\Android Studio\jbr\bin\extnet.dll
Event: 2.115 Thread 0x0000018c96e8f4d0 Thread added: 0x0000018cb6bb24c0
Event: 2.140 Thread 0x0000018cb6bb24c0 Thread added: 0x0000018cb6748630
Event: 2.141 Thread 0x0000018cb6748630 Thread exited: 0x0000018cb6748630
Event: 2.142 Thread 0x0000018cb6bb24c0 Thread added: 0x0000018cb6748630
Event: 2.326 Thread 0x0000018cb1e26d20 Thread exited: 0x0000018cb1e26d20
Event: 2.326 Thread 0x0000018cb191b7f0 Thread exited: 0x0000018cb191b7f0
Event: 5.014 Thread 0x0000018cb6748630 Thread exited: 0x0000018cb6748630
Event: 5.015 Thread 0x0000018cb6bb24c0 Thread exited: 0x0000018cb6bb24c0
Event: 5.073 Thread 0x0000018cb1293c00 Thread added: 0x0000018cb6cb6340
Event: 6.233 Thread 0x0000018cb6cb6340 Thread exited: 0x0000018cb6cb6340


Dynamic libraries:
0x00007ff62f140000 - 0x00007ff62f14a000 	C:\Program Files\Android\Android Studio\jbr\bin\java.exe
0x00007ff981700000 - 0x00007ff981966000 	C:\WINDOWS\SYSTEM32\ntdll.dll
0x00007ff97ff00000 - 0x00007ff97ffc9000 	C:\WINDOWS\System32\KERNEL32.DLL
0x00007ff97eec0000 - 0x00007ff97f2ba000 	C:\WINDOWS\System32\KERNELBASE.dll
0x00007ff97e990000 - 0x00007ff97eadc000 	C:\WINDOWS\System32\ucrtbase.dll
0x00007ff951f70000 - 0x00007ff951f88000 	C:\Program Files\Android\Android Studio\jbr\bin\jli.dll
0x00007ff94e520000 - 0x00007ff94e53b000 	C:\Program Files\Android\Android Studio\jbr\bin\VCRUNTIME140.dll
0x00007ff980ae0000 - 0x00007ff980ca7000 	C:\WINDOWS\System32\USER32.dll
0x00007ff97f440000 - 0x00007ff97f467000 	C:\WINDOWS\System32\win32u.dll
0x00007ff963d10000 - 0x00007ff963fa2000 	C:\WINDOWS\WinSxS\amd64_microsoft.windows.common-controls_6595b64144ccf1df_6.0.26100.8521_none_3e08b75ce33403b3\COMCTL32.dll
0x00007ff980920000 - 0x00007ff98094b000 	C:\WINDOWS\System32\GDI32.dll
0x00007ff980cb0000 - 0x00007ff980d59000 	C:\WINDOWS\System32\msvcrt.dll
0x00007ff97ec30000 - 0x00007ff97ed5b000 	C:\WINDOWS\System32\gdi32full.dll
0x00007ff97ee10000 - 0x00007ff97eeb3000 	C:\WINDOWS\System32\msvcp_win.dll
0x00007ff980800000 - 0x00007ff980832000 	C:\WINDOWS\System32\IMM32.DLL
0x00007ff94ddd0000 - 0x00007ff94dddc000 	C:\Program Files\Android\Android Studio\jbr\bin\vcruntime140_1.dll
0x00007ff916610000 - 0x00007ff91669d000 	C:\Program Files\Android\Android Studio\jbr\bin\msvcp140.dll
0x00007ff8dd660000 - 0x00007ff8de2f6000 	C:\Program Files\Android\Android Studio\jbr\bin\server\jvm.dll
0x00007ff9812a0000 - 0x00007ff981356000 	C:\WINDOWS\System32\ADVAPI32.dll
0x00007ff9811f0000 - 0x00007ff98129a000 	C:\WINDOWS\System32\sechost.dll
0x00007ff980340000 - 0x00007ff980458000 	C:\WINDOWS\System32\RPCRT4.dll
0x00007ff980950000 - 0x00007ff9809d0000 	C:\WINDOWS\System32\WS2_32.dll
0x00007ff97e7f0000 - 0x00007ff97e84e000 	C:\WINDOWS\SYSTEM32\POWRPROF.dll
0x00007ff96fcb0000 - 0x00007ff96fcbb000 	C:\WINDOWS\SYSTEM32\VERSION.dll
0x00007ff968c50000 - 0x00007ff968c86000 	C:\WINDOWS\SYSTEM32\WINMM.dll
0x00007ff97e7d0000 - 0x00007ff97e7e4000 	C:\WINDOWS\SYSTEM32\UMPDC.dll
0x00007ff97d720000 - 0x00007ff97d73b000 	C:\WINDOWS\SYSTEM32\kernel.appcore.dll
0x00007ff94db60000 - 0x00007ff94db6a000 	C:\Program Files\Android\Android Studio\jbr\bin\jimage.dll
0x00007ff97be30000 - 0x00007ff97c072000 	C:\WINDOWS\SYSTEM32\DBGHELP.DLL
0x00007ff980470000 - 0x00007ff9807f3000 	C:\WINDOWS\System32\combase.dll
0x00007ff980840000 - 0x00007ff980919000 	C:\WINDOWS\System32\OLEAUT32.dll
0x00007ff95b4a0000 - 0x00007ff95b4db000 	C:\WINDOWS\SYSTEM32\dbgcore.DLL
0x00007ff97ed60000 - 0x00007ff97ee08000 	C:\WINDOWS\System32\bcryptPrimitives.dll
0x00007ff944da0000 - 0x00007ff944dc0000 	C:\Program Files\Android\Android Studio\jbr\bin\java.dll
0x00007ff941210000 - 0x00007ff941228000 	C:\Program Files\Android\Android Studio\jbr\bin\zip.dll
0x00007ff97f760000 - 0x00007ff97fee4000 	C:\WINDOWS\System32\SHELL32.dll
0x00007ff97c550000 - 0x00007ff97cdd0000 	C:\WINDOWS\SYSTEM32\windows.storage.dll
0x00007ff97f650000 - 0x00007ff97f746000 	C:\WINDOWS\System32\SHCORE.dll
0x00007ff980a70000 - 0x00007ff980ad7000 	C:\WINDOWS\System32\shlwapi.dll
0x00007ff97e8b0000 - 0x00007ff97e8d9000 	C:\WINDOWS\SYSTEM32\profapi.dll
0x00007ff94db50000 - 0x00007ff94db60000 	C:\Program Files\Android\Android Studio\jbr\bin\net.dll
0x00007ff970e00000 - 0x00007ff970f29000 	C:\WINDOWS\SYSTEM32\WINHTTP.dll
0x00007ff97dc90000 - 0x00007ff97dcfc000 	C:\WINDOWS\system32\mswsock.dll
0x00007ff93eb80000 - 0x00007ff93eb96000 	C:\Program Files\Android\Android Studio\jbr\bin\nio.dll
0x00007ff94c4a0000 - 0x00007ff94c4b0000 	C:\Program Files\Android\Android Studio\jbr\bin\verify.dll
0x00007ff944830000 - 0x00007ff944839000 	C:\Program Files\Android\Android Studio\jbr\bin\management.dll
0x00007ff93f120000 - 0x00007ff93f12b000 	C:\Program Files\Android\Android Studio\jbr\bin\management_ext.dll
0x00007ff980460000 - 0x00007ff980468000 	C:\WINDOWS\System32\PSAPI.DLL
0x00007ff939a40000 - 0x00007ff939a67000 	C:\Users\moham\.gradle\native\1def1411415f61bf3af743bc5b6707747c0891f09f0c88961ee8f79bc544acac\windows-amd64\native-platform.dll
0x00007ff97d1b0000 - 0x00007ff97d1e3000 	C:\WINDOWS\SYSTEM32\IPHLPAPI.DLL
0x00007ff980270000 - 0x00007ff98027a000 	C:\WINDOWS\System32\NSI.dll
0x00007ff93f070000 - 0x00007ff93f079000 	C:\Program Files\Android\Android Studio\jbr\bin\extnet.dll
0x00007ff97df70000 - 0x00007ff97df8b000 	C:\WINDOWS\SYSTEM32\CRYPTSP.dll
0x00007ff97d680000 - 0x00007ff97d6b9000 	C:\WINDOWS\system32\rsaenh.dll
0x00007ff97dd40000 - 0x00007ff97dd73000 	C:\WINDOWS\SYSTEM32\USERENV.dll
0x00007ff97e880000 - 0x00007ff97e8aa000 	C:\WINDOWS\SYSTEM32\bcrypt.dll
0x00007ff97df90000 - 0x00007ff97df9c000 	C:\WINDOWS\SYSTEM32\CRYPTBASE.dll
0x00007ff948c00000 - 0x00007ff948c08000 	C:\WINDOWS\system32\wshunix.dll

JVMTI agents: none

dbghelp: loaded successfully - version: 4.0.5 - missing functions: none
symbol engine: initialized successfully - sym options: 0x614 - pdb path: .;C:\Program Files\Android\Android Studio\jbr\bin;C:\WINDOWS\SYSTEM32;C:\WINDOWS\WinSxS\amd64_microsoft.windows.common-controls_6595b64144ccf1df_6.0.26100.8521_none_3e08b75ce33403b3;C:\Program Files\Android\Android Studio\jbr\bin\server;C:\Users\moham\.gradle\native\1def1411415f61bf3af743bc5b6707747c0891f09f0c88961ee8f79bc544acac\windows-amd64

VM Arguments:
jvm_args: -Dorg.gradle.appname=gradlew 
java_command: org.gradle.wrapper.GradleWrapperMain -q -Ptarget-platform=android-arm,android-arm64,android-x64 -Ptarget=lib\main.dart -Pbase-application-name=android.app.Application -Pdart-defines=RkxVVFRFUl9WRVJTSU9OPTMuNDQuOA==,RkxVVFRFUl9DSEFOTkVMPXN0YWJsZQ==,RkxVVFRFUl9HSVRfVVJMPWh0dHBzOi8vZ2l0aHViLmNvbS9mbHV0dGVyL2ZsdXR0ZXIuZ2l0,RkxVVFRFUl9GUkFNRVdPUktfUkVWSVNJT049MDU4ZTBhZjJjMg==,RkxVVFRFUl9FTkdJTkVfUkVWSVNJT049MGNkNjEwNzE3Yg==,RkxVVFRFUl9EQVJUX1ZFUlNJT049My4xMi4y -Pdart-obfuscation=false -Ptrack-widget-creation=true -Ptree-shake-icons=false assembleDebug
java_class_path (initial): C:\Users\moham\Desktop\al-salah\android\\gradle\wrapper\gradle-wrapper.jar
Launcher Type: SUN_STANDARD

[Global flags]
     intx CICompilerCount                          = 4                                         {product} {ergonomic}
     uint ConcGCThreads                            = 3                                         {product} {ergonomic}
     uint G1ConcRefinementThreads                  = 10                                        {product} {ergonomic}
   size_t G1HeapRegionSize                         = 2097152                                   {product} {ergonomic}
    uintx GCDrainStackTargetSize                   = 64                                        {product} {ergonomic}
   size_t InitialHeapSize                          = 264241152                                 {product} {ergonomic}
   size_t MarkStackSize                            = 4194304                                   {product} {ergonomic}
   size_t MaxHeapSize                              = 4219469824                                {product} {ergonomic}
   size_t MaxNewSize                               = 2531262464                                {product} {ergonomic}
   size_t MinHeapDeltaBytes                        = 2097152                                   {product} {ergonomic}
   size_t MinHeapSize                              = 8388608                                   {product} {ergonomic}
    uintx NonNMethodCodeHeapSize                   = 5839372                                {pd product} {ergonomic}
    uintx NonProfiledCodeHeapSize                  = 122909434                              {pd product} {ergonomic}
    uintx ProfiledCodeHeapSize                     = 122909434                              {pd product} {ergonomic}
    uintx ReservedCodeCacheSize                    = 251658240                              {pd product} {ergonomic}
     bool SegmentedCodeCache                       = true                                      {product} {ergonomic}
   size_t SoftMaxHeapSize                          = 4219469824                             {manageable} {ergonomic}
     bool UseCompressedOops                        = true                           {product lp64_product} {ergonomic}
     bool UseG1GC                                  = true                                      {product} {ergonomic}
     bool UseLargePagesIndividualAllocation        = false                                  {pd product} {ergonomic}

Logging:
Log output configuration:
 #0: stdout all=warning uptime,level,tags foldmultilines=false
 #1: stderr all=off uptime,level,tags foldmultilines=false

Release file:
JAVA_VERSION="21.0.10" 
MODULES="java.base java.compiler java.datatransfer java.xml java.prefs java.desktop java.instrument java.logging java.management java.security.sasl java.naming java.rmi java.management.rmi java.net.http java.scripting java.security.jgss java.transaction.xa java.sql java.sql.rowset java.xml.crypto java.se java.smartcardio jdk.accessibility jdk.internal.jvmstat jdk.attach jdk.charsets jdk.internal.opt jdk.zipfs jdk.compiler jdk.crypto.ec jdk.crypto.cryptoki jdk.dynalink jdk.hotspot.agent jdk.httpserver jdk.internal.ed jdk.internal.le jdk.internal.vm.ci jdk.jartool jdk.javadoc jdk.jcmd jdk.jdeps jdk.jdwp.agent jdk.jdi jdk.jfr jdk.jlink jdk.jsobject jdk.localedata jdk.management jdk.management.agent jdk.management.jfr jdk.naming.dns jdk.naming.rmi jdk.net jdk.sctp jdk.security.auth jdk.security.jgss jdk.unsupported jdk.unsupported.desktop jdk.xml.dom" 
IMPLEMENTOR="JetBrains s.r.o." 
JAVA_RUNTIME_VERSION="21.0.10+-14961533-b1163.108" 
LIBC="default" 
OS_ARCH="x86_64" 
OS_NAME="Windows" 
SOURCE=".:git:1351622c2ff2" 

Environment Variables:
JAVA_HOME=C:\Program Files\Android\Android Studio\jbr
CLASSPATH=C:\Users\moham\Desktop\al-salah\android\\gradle\wrapper\gradle-wrapper.jar
PATH=C:\Program Files\Android\Android Studio\jbr\bin;C:\Python314\Scripts\;C:\Python314\;C:\Users\moham\AppData\Local\Programs\Python\Python313\Scripts\;C:\Users\moham\AppData\Local\Programs\Python\Python313\;C:\Program Files\Common Files\Oracle\Java\javapath;C:\Program Files (x86)\Common Files\Oracle\Java\java8path;C:\Program Files (x86)\Common Files\Oracle\Java\javapath;c:\Users\moham\AppData\Local\Programs\cursor\resources\app\bin;C:\Windows\system32;C:\Windows;C:\Windows\System32\Wbem;C:\Windows\System32\WindowsPowerShell\v1.0\;C:\Windows\System32\OpenSSH\;C:\Program Files (x86)\NVIDIA Corporation\PhysX\Common;C:\Program Files\NVIDIA Corporation\NVIDIA NvDLISR;C:\WINDOWS\system32;C:\WINDOWS;C:\WINDOWS\System32\Wbem;C:\WINDOWS\System32\WindowsPowerShell\v1.0\;C:\WINDOWS\System32\OpenSSH\;C:\Users\moham\AppData\Local\Microsoft\WindowsApps;C:\Users\moham\AppData\Roaming\npm;C:\Program Files\Git\cmd;C:\Program Files\Java\jre1.8.0_441\bin;C:\Program Files\Java\jdk-23\bin;C:\WINDOWS\system32;C:\WINDOWS;C:\WINDOWS\System32\Wbem;C:\WINDOWS\System32\WindowsPowerShell\v1.0\;C:\WINDOWS\System32\OpenSSH\;C:\ProgramData\chocolatey\bin;C:\Program Files\dotnet\;C:\Users\moham\AppData\Local\nvm;C:\nvm4w\nodejs;C:\Program Files\MySQL\MySQL Shell 8.0\bin\;C:\Users\moham\AppData\Local\Programs\Python\Launcher\;C:\Users\moham\AppData\Local\Programs\Microsoft VS Code\bin;C:\Program Files\sf\bin;C:\Users\moham\flutter\bin\mingit\cmd
USERNAME=moham
OS=Windows_NT
PROCESSOR_IDENTIFIER=Intel64 Family 6 Model 154 Stepping 3, GenuineIntel
TMP=C:\Users\moham\AppData\Local\Temp
TEMP=C:\Users\moham\AppData\Local\Temp




Periodic native trim disabled

JNI global refs:
JNI global refs: 21, weak refs: 2

JNI global refs memory usage: 835, weak refs: 833

Process memory usage:
Resident Set Size: 100032K (0% of 16474616K total physical memory with 2003524K free physical memory)

OOME stack traces (most recent first):
Classloader memory used:
Loader bootstrap                                                                       : 14126K
Loader org.gradle.internal.classloader.VisitableURLClassLoader                         : 5048K
Loader java.net.URLClassLoader                                                         : 228K
Loader jdk.internal.loader.ClassLoaders$AppClassLoader                                 : 147K
Loader jdk.internal.loader.ClassLoaders$PlatformClassLoader                            : 124K

Classes loaded by more than one classloader:
Class org.gradle.internal.classloader.ClassLoaderHierarchy                            : loaded 2 times (x 70B)
Class org.gradle.cli.AbstractPropertiesCommandLineConverter                           : loaded 2 times (x 83B)
Class org.gradle.api.internal.classpath.ManifestUtil                                  : loaded 2 times (x 71B)
Class org.gradle.cli.CommandLineParser                                                : loaded 2 times (x 79B)
Class org.gradle.internal.classloader.ClassLoaderVisitor                              : loaded 2 times (x 76B)
Class org.gradle.api.internal.classpath.EffectiveClassPath                            : loaded 2 times (x 90B)
Class org.gradle.internal.service.UnknownServiceException                             : loaded 2 times (x 83B)
Class org.gradle.cli.SystemPropertiesCommandLineConverter                             : loaded 2 times (x 83B)
Class org.gradle.cli.CommandLineArgumentException                                     : loaded 2 times (x 82B)
Class org.gradle.cli.CommandLineParser$KnownOptionParserState                         : loaded 2 times (x 76B)
Class org.gradle.internal.InternalTransformer                                         : loaded 2 times (x 70B)
Class org.gradle.internal.classloader.ClasspathUtil$1                                 : loaded 2 times (x 76B)
Class org.gradle.api.internal.classpath.DefaultModuleRegistry$DefaultModule           : loaded 2 times (x 86B)
Class org.gradle.api.internal.classpath.Module                                        : loaded 2 times (x 70B)
Class org.gradle.api.internal.classpath.UnknownModuleException                        : loaded 2 times (x 82B)
Class org.gradle.internal.classpath.DefaultClassPath$ImmutableUniqueList              : loaded 2 times (x 199B)
Class org.gradle.cli.CommandLineParser$OptionAwareParserState                         : loaded 2 times (x 77B)
Class org.gradle.cli.ParsedCommandLine                                                : loaded 2 times (x 80B)
Class org.gradle.internal.classpath.ClassPath                                         : loaded 2 times (x 70B)
Class org.gradle.cli.CommandLineParser$UnknownOptionParserState                       : loaded 2 times (x 76B)
Class org.gradle.cli.ParsedCommandLineOption                                          : loaded 2 times (x 76B)
Class org.gradle.cli.CommandLineParser$AfterFirstSubCommand                           : loaded 2 times (x 77B)
Class org.gradle.api.internal.classpath.ModuleRegistry                                : loaded 2 times (x 70B)
Class org.gradle.internal.installation.GradleInstallation$1                           : loaded 2 times (x 75B)
Class org.gradle.api.internal.classpath.DefaultModuleRegistry                         : loaded 2 times (x 86B)
Class org.gradle.cli.CommandLineOption                                                : loaded 2 times (x 86B)
Class org.gradle.cli.CommandLineParser$BeforeFirstSubCommand                          : loaded 2 times (x 77B)
Class org.gradle.internal.service.ServiceLookupException                              : loaded 2 times (x 82B)
Class org.gradle.cli.CommandLineParser$OptionParserState                              : loaded 2 times (x 75B)
Class org.gradle.internal.classloader.ClasspathUtil                                   : loaded 2 times (x 71B)
Class org.gradle.api.specs.Spec                                                       : loaded 2 times (x 70B)
Class org.gradle.internal.classpath.DefaultClassPath                                  : loaded 2 times (x 90B)
Class org.gradle.internal.classloader.ClassLoaderSpec                                 : loaded 2 times (x 71B)
Class org.gradle.internal.Cast                                                        : loaded 2 times (x 71B)
Class org.gradle.api.Action                                                           : loaded 2 times (x 70B)
Class org.gradle.internal.classpath.DefaultClassPath$ImmutableUniqueList$Builder      : loaded 2 times (x 75B)
Class org.gradle.cli.AbstractCommandLineConverter                                     : loaded 2 times (x 79B)
Class org.gradle.api.GradleException                                                  : loaded 2 times (x 82B)
Class org.gradle.internal.IoActions                                                   : loaded 2 times (x 71B)
Class org.gradle.internal.classloader.SystemClassLoaderSpec                           : loaded 2 times (x 71B)
Class org.gradle.cli.CommandLineConverter                                             : loaded 2 times (x 70B)
Class org.gradle.cli.CommandLineParser$MissingOptionArgState                          : loaded 2 times (x 77B)
Class org.gradle.cli.CommandLineParser$ParserState                                    : loaded 2 times (x 76B)
Class org.gradle.cli.CommandLineParser$OptionString                                   : loaded 2 times (x 73B)
Class org.gradle.api.internal.classpath.GlobalCacheRootsProvider                      : loaded 2 times (x 70B)
Class org.gradle.internal.installation.CurrentGradleInstallationLocator               : loaded 2 times (x 71B)
Class org.gradle.internal.installation.CurrentGradleInstallation                      : loaded 2 times (x 73B)
Class org.gradle.util.internal.GUtil                                                  : loaded 2 times (x 71B)
Class org.gradle.cli.CommandLineParser$AfterOptions                                   : loaded 2 times (x 77B)
Class org.gradle.internal.installation.GradleInstallation                             : loaded 2 times (x 75B)

---------------  S Y S T E M  ---------------

OS:
 Windows 11 , 64 bit Build 26100 (10.0.26100.8521)
OS uptime: 7 days 5:39 hours
Hyper-V role detected

CPU: total 12 (initial active 12) (6 cores per cpu, 2 threads per core) family 6 model 154 stepping 3 microcode 0x42a, cx8, cmov, fxsr, ht, mmx, 3dnowpref, sse, sse2, sse3, ssse3, sse4.1, sse4.2, popcnt, lzcnt, tsc, tscinvbit, avx, avx2, aes, erms, clmul, bmi1, bmi2, adx, sha, fma, vzeroupper, clflush, clflushopt, clwb, hv, serialize, rdtscp, rdpid, fsrm, f16c, cet_ibt, cet_ss
Processor Information for processor 0
  Max Mhz: 2000, Current Mhz: 2000, Mhz Limit: 2000
Processor Information for processor 1
  Max Mhz: 2000, Current Mhz: 1520, Mhz Limit: 2000
Processor Information for processor 2
  Max Mhz: 2000, Current Mhz: 2000, Mhz Limit: 2000
Processor Information for processor 3
  Max Mhz: 2000, Current Mhz: 2000, Mhz Limit: 2000
Processor Information for processor 4
  Max Mhz: 2000, Current Mhz: 1520, Mhz Limit: 2000
Processor Information for processor 5
  Max Mhz: 2000, Current Mhz: 2000, Mhz Limit: 2000
Processor Information for processor 6
  Max Mhz: 2000, Current Mhz: 2000, Mhz Limit: 2000
Processor Information for processor 7
  Max Mhz: 2000, Current Mhz: 1520, Mhz Limit: 2000
Processor Information for processor 8
  Max Mhz: 2000, Current Mhz: 1500, Mhz Limit: 1500
Processor Information for processor 9
  Max Mhz: 2000, Current Mhz: 1500, Mhz Limit: 1500
Processor Information for processor 10
  Max Mhz: 2000, Current Mhz: 1500, Mhz Limit: 1500
Processor Information for processor 11
  Max Mhz: 2000, Current Mhz: 1500, Mhz Limit: 1500

Memory: 4k page, system-wide physical 16088M (1950M free)
TotalPageFile size 23256M (AvailPageFile size 1M)
current process WorkingSet (physical memory assigned to process): 99M, peak: 168M
current process commit charge ("private bytes"): 365M, peak: 376M

vm_info: OpenJDK 64-Bit Server VM (21.0.10+-14961533-b1163.108) for windows-amd64 JRE (21.0.10+-14961533-b1163.108), built on 2026-03-02T19:58:50Z by "builder" with MS VC++ 16.10 / 16.11 (VS2019)

END.
